// Jest Snapshot v1, https://goo.gl/fbAQLP

exports[`Regression tests hipmunk-hotel.json 1`] = `
Object {
  "address": 2,
  "after": 5,
  "amenities": 2,
  "amens": 3,
  "banner_image": 2,
  "banner_image_alt": 2,
  "banner_image_credit": 2,
  "base_ecstasy": 2,
  "business_listing_url": 2,
  "capacity": 2,
  "chains": 2,
  "city_hotels_page_url": 2,
  "city_id": 2,
  "city_name": 2,
  "code": 7,
  "commercial": 2,
  "company": 22,
  "count": 2,
  "country_code": 2,
  "created": 2,
  "currency": 5,
  "currency_code": 2,
  "date": 2,
  "display_priority": 2,
  "ecstasy_factors": 2,
  "has_free_parking": 2,
  "has_free_wifi": 2,
  "has_parking": 2,
  "has_seo_content": 2,
  "has_wifi": 2,
  "hood_id": 2,
  "hotels": 1,
  "hub_airlines": 2,
  "id": 4,
  "images_v2": 2,
  "img_count": 2,
  "instant_bookable": 2,
  "is_full": 2,
  "kind": 2,
  "last_modified": 2,
  "lat": 2,
  "loc": 2,
  "local_city_id": 2,
  "location": 2,
  "location_url": 2,
  "lon": 2,
  "marketed_city_id": 2,
  "mean": 2,
  "mode": 2,
  "name": 4,
  "name_url": 2,
  "nearest_airport": 2,
  "oversized_parking_presence": 2,
  "page_url": 2,
  "parking": 2,
  "parking_price": 2,
  "pax_per_month": 2,
  "pax_per_year": 2,
  "popularity": 2,
  "property_types": 2,
  "provider": 2,
  "quality": 2,
  "raw_media": 2,
  "raw_thumbnail": 2,
  "rental_car_agencies": 2,
  "reviews": 2,
  "seo_data_id": 2,
  "stars": 2,
  "state_code": 2,
  "symbol": 5,
  "symbol_len": 5,
  "thumbnail_url": 2,
  "timezone": 2,
  "transportation": 2,
  "traveler_tips": 2,
  "tz_name": 2,
  "unicode_symbol": 5,
  "url": 4,
  "website": 22,
  "wifi": 2,
  "wifi_price": 2,
  "wifinder": 2,
}
`;
